
> hotel-management-system-fe@0.1.0 build
> next build

node.exe :  â  Warning: Next.js inferred your workspace root, but it may not be correct.
At line:1 char:1
+ & "C:\Program Files\nodejs/node.exe" "C:\Users\My PC\AppData\Roaming\ ...
+ ~~~~~~~~~~~~~~~~~~~~~~~~~~~~~~~~~~~~~~~~~~~~~~~~~~~~~~~~~~~~~~~~~~~~~
    + CategoryInfo          : NotSpecified: ( â Warning: N...not be correct.:String) [], RemoteExce  
  ption
    + FullyQualifiedErrorId : NativeCommandError
 
 We detected multiple lockfiles and selected the directory of 
D:\DoAn_HotelManagement_FrontEnd\package-lock.json as the root directory.
 To silence this warning, set `turbopack.root` in your Next.js config, or consider removing one of 
the lockfiles if it's not needed.
   See https://nextjs.org/docs/app/api-reference/config/next-config-js/turbopack#root-directory for 
more information.
 Detected additional lockfiles: 
   * D:\DoAn_HotelManagement_FrontEnd\hotel-management-system-fe\pnpm-lock.yaml

   â–² Next.js 16.0.10 (Turbopack)
   - Environments: .env

   Creating an optimized production build ...
 âœ“ Compiled successfully in 8.5s
   Running TypeScript ...
Failed to compile.

./app/(dashboard)/folio/page.tsx:267:42
Type error: Property 'id' does not exist on type 'FolioTransaction'.

[0m [90m 265 |[39m                   [33m<[39m[33mTableBody[39m[33m>[39m
 [90m 266 |[39m                     {selectedFolio[33m.[39mtransactions[33m.[39mmap((txn) 
[33m=>[39m (
[31m[1m>[22m[39m[90m 267 |[39m                       [33m<[39m[33mTableRow[39m 
key[33m=[39m{txn[33m.[39mid} className[33m=[39m[32m"hover:bg-gray-50"[39m[33m>[39m
 [90m     |[39m                                          [31m[1m^[22m[39m
 [90m 268 |[39m                         [33m<[39m[33mTableCell[39m 
className[33m=[39m[32m"text-sm 
text-gray-600"[39m[33m>[39m{txn[33m.[39mdate}[33m<[39m[33m/[39m[33mTableCell[39m[33m>[39m
 [90m 269 |[39m                         [33m<[39m[33mTableCell[39m[33m>[39m{getTransactionType
Badge(txn[33m.[39mtype)}[33m<[39m[33m/[39m[33mTableCell[39m[33m>[39m
 [90m 270 |[39m                         [33m<[39m[33mTableCell[39m 
className[33m=[39m[32m"font-medium text-gray-900"[39m[33m>[39m{txn[33m.[39mdescription}[33m<
[39m[33m/[39m[33mTableCell[39m[33m>[39m[0m
Next.js build worker exited with code: 1 and signal: null
